node.exe : [baseline-brows
er-mapping] The data in 
this module is over two 
months old.  To ensure 
accurate Baseline data, 
please update: `npm i base
line-browser-mapping@lates
t -D`
At line:1 char:1
+ & "C:\Program 
Files\nodejs/node.exe" 
"C:\Program 
Files\nodejs/node_mo ...
+ ~~~~~~~~~~~~~~~~~~~~~~~~
~~~~~~~~~~~~~~~~~~~~~~~~~~
~~~~~~~~~~~~~~~~~~~
    + CategoryInfo        
      : NotSpecified: ([  
  baseline-brows...ping   
 @latest -D`:String) [    
], RemoteException
    + FullyQualifiedError 
   Id : NativeCommandErr  
  or
 
 ΓÜá `eslint` 
configuration in 
next.config.ts is no 
longer supported. See 
more info here: https://ne
xtjs.org/docs/app/api-refe
rence/cli/next#next-lint-o
ptions
 ΓÜá Invalid 
next.config.ts options 
detected: 
 ΓÜá     Unrecognized 
key(s) in object: 'eslint'
 ΓÜá See more info here: h
ttps://nextjs.org/docs/mes
sages/invalid-next-config
 ΓÜá Warning: Next.js 
inferred your workspace 
root, but it may not be 
correct.
 We detected multiple 
lockfiles and selected 
the directory of D:\man2ma
n\package-lock.json as 
the root directory.
 To silence this warning, 
set `turbopack.root` in 
your Next.js config, or 
consider removing one of 
the lockfiles if it's not 
needed.
   See https://nextjs.org/
docs/app/api-reference/con
fig/next-config-js/turbopa
ck#root-directory for 
more information.
 Detected additional 
lockfiles: 
   * D:\man2man\frontend\p
ackage-lock.json

   Γû▓ Next.js 16.0.8 (Turbopack)
   - Environments: .env.local, .env.production

 ΓÜá The "middleware" 
file convention is 
deprecated. Please use 
"proxy" instead. Learn 
more: https://nextjs.org/d
ocs/messages/middleware-to
-proxy
   Creating an optimized production build ...
[baseline-browser-mapping]
 The data in this module 
is over two months old.  
To ensure accurate 
Baseline data, please 
update: `npm i baseline-br
owser-mapping@latest -D`
 Γ¿» ERROR: This build is 
using Turbopack, with a 
`webpack` config and no 
`turbopack` config.
   This may be a mistake.

   As of Next.js 16 
Turbopack is enabled by 
default and
   custom webpack 
configurations may need 
to be migrated to 
Turbopack.

   NOTE: your `webpack` 
config may have been 
added by a configuration 
plugin.

   To configure 
Turbopack, see https://nex
tjs.org/docs/app/api-refer
ence/next-config-js/turbop
ack

   TIP: Many applications 
work fine under Turbopack 
with no configuration,
   if that is the case 
for you, you can silence 
this error by passing the
   `--turbopack` or 
`--webpack` flag 
explicitly or simply 
setting an 
   empty turbopack config 
in your Next config file 
(e.g. `turbopack: {}`).

> Build error occurred
Error: Call retries were 
exceeded
    at ignore-listed 
frames {
  type: 'WorkerError'
}
